// Jest Snapshot v1, https://goo.gl/fbAQLP

exports[`Card Control should render 1`] = `
<DocumentFragment>
  <label
    class="CardControl___StyledLabel-sc-28luv0-4 gNrkXm"
  >
    <input
      class="CardControl__Input-sc-28luv0-0 lbnjeC"
      type="checkbox"
      value=""
    />
    <div
      class="sc-AxjAm CardControl__CustomCard-sc-28luv0-1 kWIYfA"
    />
  </label>
</DocumentFragment>
`;
